provisioning tool for local machine

Usage:
  primus [command]

Available Commands:
  apply       Apply changes
  help        Help about any command
  repl        Start REPL
  version     Print the version information

Flags:
  -h, --help              help for primus
      --logLevel string   Set log level. Allow info, debug, warn, and error

Use "primus [command] --help" for more information about a command.
